# serializer version: 1
# name: test_entry_diagnostics
  dict({
    'config_entry': dict({
      'data': dict({
        'host': '1.1.1.1',
        'name': '**REDACTED**',
        'password': '**REDACTED**',
        'token': '**REDACTED**',
        'username': '**REDACTED**',
      }),
      'disabled_by': None,
      'discovery_keys': dict({
      }),
      'domain': 'enphase_envoy_raw_data',
      'entry_id': '45a36e55aaddb2007c5f6602e0c38e72',
      'minor_version': 1,
      'options': dict({
      }),
      'pref_disable_new_entities': False,
      'pref_disable_polling': False,
      'source': 'user',
      'subentries': list([
      ]),
      'title': '**REDACTED**',
      'unique_id': '**REDACTED**',
      'version': 1,
    }),
  })
# ---
