# serializer version: 1
# name: test_has_services
  list([
    'read_data',
    'send_data',
  ])
# ---
